RAM Allocation [bytes]
Variable                                                                          Address   Size
------------------------------------------------------------------------------------------------
str                                                                               0x0160      16
_base_y                                                                           0x0170       4

EEPROM Allocation [bytes]
Variable                                                                          Address   Size
------------------------------------------------------------------------------------------------

Register Allocation
Variable                                                                          Register  Size
------------------------------------------------------------------------------------------------
ms                                                                                R4,R5        2
secend                                                                            R6,R7        2
minute                                                                            R8,R9        2
flag_timer                                                                        R11          1
_lcd_x                                                                            R10          1
_lcd_y                                                                            R13          1
_lcd_maxx                                                                         R12          1

FLASH Allocation [words]
Function                                                                          Address   Size
------------------------------------------------------------------------------------------------
timer0_ovf_isr                                                                    0x00072    104
main                                                                              0x000DA     48
put_buff_G100                                                                     0x0010A     64
_print_G100                                                                       0x0014A    308
sprintf                                                                           0x0027E     52
_lcd_write_nibble_G101                                                            0x002B2     20
_lcd_write_data                                                                   0x002C6     12
lcd_gotoxy                                                                        0x002D2     13
lcd_clear                                                                         0x002DF     12
lcd_putchar                                                                       0x002EB     21
lcd_puts                                                                          0x00300     17
lcd_init                                                                          0x00311     46
strlen                                                                            0x0033F     12
strlenf                                                                           0x0034B     13
