RAM Allocation [bytes]
Variable                                                                          Address   Size
------------------------------------------------------------------------------------------------
_seed                                                                             0x0160       4
_base_y                                                                           0x0164       4

EEPROM Allocation [bytes]
Variable                                                                          Address   Size
------------------------------------------------------------------------------------------------

Register Allocation
Variable                                                                          Register  Size
------------------------------------------------------------------------------------------------
_lcd_x                                                                            R5           1
_lcd_y                                                                            R4           1
_lcd_maxx                                                                         R7           1

FLASH Allocation [words]
Function                                                                          Address   Size
------------------------------------------------------------------------------------------------
clear_str                                                                         0x00070     24
main                                                                              0x00088     79
put_buff_G100                                                                     0x000D7     64
_print_G100                                                                       0x00117    308
sprintf                                                                           0x0024B     52
_lcd_write_nibble_G102                                                            0x0027F     20
_lcd_write_data                                                                   0x00293     12
lcd_gotoxy                                                                        0x0029F     13
lcd_clear                                                                         0x002AC     12
lcd_putchar                                                                       0x002B8     21
lcd_puts                                                                          0x002CD     17
lcd_init                                                                          0x002DE     45
strlen                                                                            0x0030B     12
strlenf                                                                           0x00317     13
