RAM Allocation [bytes]
Variable                                                                          Address   Size
------------------------------------------------------------------------------------------------

EEPROM Allocation [bytes]
Variable                                                                          Address   Size
------------------------------------------------------------------------------------------------

Register Allocation
Variable                                                                          Register  Size
------------------------------------------------------------------------------------------------
secend                                                                            R4,R5        2
ms                                                                                R6,R7        2
flag                                                                              R9           1

FLASH Allocation [words]
Function                                                                          Address   Size
------------------------------------------------------------------------------------------------
timer0_ovf_isr                                                                    0x0005E     35
main                                                                              0x00081     53
